Microchip MPLAB XC8 Compiler V1.30 ()

Linker command line:

--edf=/Applications/microchip/xc8/v1.30/dat/en_msgs.txt -cs \
  -h+dist/default/production/PROJECT.X.production.sym \
  --cmf=dist/default/production/PROJECT.X.production.cmf -z -Q18F4331 \
  -o/tmp/cgt4qockQ -Mdist/default/production/PROJECT.X.production.map -E1 \
  -ver=XC8 -ASTACK=01FFh-02ffh -pstack=STACK -ACODE=00h-01FFFh \
  -ACONST=00h-01FFFh -ASMALLCONST=0300h-03FFhx29 -AMEDIUMCONST=0300h-01FFFh \
  -ACOMRAM=01h-05Fh -AABS1=00h-02FFh -ABIGRAM=01h-02FFh \
  -ARAM=060h-0FFh,0100h-01FFhx2 -ABANK0=060h-0FFh -ABANK1=0100h-01FFh \
  -ABANK2=0200h-02FFh -ASFR=0F60h-0FFFh \
  -preset_vec=00h,intcode=08h,intcodelo=018h,powerup,init,end_init \
  -pramtop=0300h -psmallconst=SMALLCONST -pmediumconst=MEDIUMCONST \
  -pconst=CONST -AFARRAM=00h-00h -ACONFIG=0300000h-030000Dh -pconfig=CONFIG \
  -AIDLOC=0200000h-0200007h -pidloc=IDLOC -AEEDATA=0F00000h-0F000FFh \
  -peeprom_data=EEDATA \
  -prdata=COMRAM,nvrram=COMRAM,nvbit=COMRAM,rbss=COMRAM,rbit=COMRAM \
  -pfarbss=FARRAM,fardata=FARRAM,nvFARRAM=FARRAM \
  -pintsave_regs=BIGRAM,bigbss=BIGRAM,bigdata=BIGRAM -pbss=RAM \
  -pidata=CODE,irdata=CODE,ibigdata=CODE,ifardata=CODE /tmp/cgtJZ6wCk.obj \
  dist/default/production/PROJECT.X.production.obj 

Object code version is 3.11

Machine type is 18F4331

Call graph: (short form)




                Name                               Link     Load   Length Selector   Space Scale
/tmp/cgtJZ6wCk.obj
                end_init                             C6       C6        4        C       0
                reset_vec                             0        0        4        0       0
                idloc                            200000   200000        8   200000       0
                config                           300000   300000        E   300000       0
dist/default/production/PROJECT.X.production.obj
                intcodelo                            18       18       AE        C       0
                intcode                               8        8        C        4       0
                smallconst                          300      300       72      180       0
                text42                             1E88     1E88       28      1B9       0
                text41                             1F76     1F76        8      1B9       0
                text40                             1F54     1F54        E      1B9       0
                text39                             1700     1700       7A      1B9       0
                text38                             1E5E     1E5E       2A      1B9       0
                text37                             1CA2     1CA2       62      1B9       0
                text36                             1DF0     1DF0       38      1B9       0
                intcode_body                        D82      D82      1C2      1B9       0
                text33                             1F46     1F46        E      1B9       0
                text32                             15DA     15DA       9C      1B9       0
                text31                             1E28     1E28       36      1B9       0
                text30                             13A6     13A6       CC      1B9       0
                text29                             177A     177A       76      1B9       0
                text28                             17F0     17F0       74      1B9       0
                text27                             1D5C     1D5C       50      1B9       0
                text26                             1270     1270      136      1B9       0
                text25                             1C40     1C40       62      1B9       0
                text24                              F44      F44      1B4      1B9       0
                text23                             1D04     1D04       58      1B9       0
                text22                             1F06     1F06       18      1B9       0
                text21                             10F8     10F8      178      1B9       0
                text20                             1BD4     1BD4       6C      1B9       0
                text19                             1B66     1B66       6E      1B9       0
                text18                             1AF8     1AF8       6E      1B9       0
                text17                             1472     1472       BE      1B9       0
                text16                             1EEC     1EEC       1A      1B9       0
                text15                             1EB0     1EB0       22      1B9       0
                text14                             1F6C     1F6C        A      1B9       0
                text13                             1F1E     1F1E       16      1B9       0
                text12                             1F62     1F62        A      1B9       0
                text11                             1ED2     1ED2       1A      1B9       0
                text10                             1F34     1F34       12      1B9       0
                text9                              1530     1530       AA      1B9       0
                text8                              1676     1676       8A      1B9       0
                text7                               B82      B82      200      1B9       0
                text6                              1A8A     1A8A       6E      1B9       0
                text5                              1A1C     1A1C       6E      1B9       0
                text4                              19AE     19AE       6E      1B9       0
                text3                              1940     1940       6E      1B9       0
                text2                              18D2     18D2       6E      1B9       0
                text1                              1864     1864       6E      1B9       0
                text0                               372      372      810      1B9       0
                cstackCOMRAM                          1        1       37        1       1
                cstackBANK0                          91       91       29       60       1
                bssBANK1                            100      100       FF      100       1
                bssBANK0                             60       60       31       60       1
                dataCOMRAM                           38       38        2        1       1
                bssCOMRAM                            3A       3A        1        1       1
                cinit                              1DAC     1DAC       44      1B9       0
                idataCOMRAM                        1F7E     1F7E        2      1B9       0

TOTAL           Name                               Link     Load   Length     Space
        CLASS   STACK          

        CLASS   CODE           
                end_init                             C6       C6        4         0
                intcodelo                            18       18       AE         0
                intcode                               8        8        C         0
                reset_vec                             0        0        4         0
                text42                             1E88     1E88       28         0
                text41                             1F76     1F76        8         0
                text40                             1F54     1F54        E         0
                text39                             1700     1700       7A         0
                text38                             1E5E     1E5E       2A         0
                text37                             1CA2     1CA2       62         0
                text36                             1DF0     1DF0       38         0
                intcode_body                        D82      D82      1C2         0
                text33                             1F46     1F46        E         0
                text32                             15DA     15DA       9C         0
                text31                             1E28     1E28       36         0
                text30                             13A6     13A6       CC         0
                text29                             177A     177A       76         0
                text28                             17F0     17F0       74         0
                text27                             1D5C     1D5C       50         0
                text26                             1270     1270      136         0
                text25                             1C40     1C40       62         0
                text24                              F44      F44      1B4         0
                text23                             1D04     1D04       58         0
                text22                             1F06     1F06       18         0
                text21                             10F8     10F8      178         0
                text20                             1BD4     1BD4       6C         0
                text19                             1B66     1B66       6E         0
                text18                             1AF8     1AF8       6E         0
                text17                             1472     1472       BE         0
                text16                             1EEC     1EEC       1A         0
                text15                             1EB0     1EB0       22         0
                text14                             1F6C     1F6C        A         0
                text13                             1F1E     1F1E       16         0
                text12                             1F62     1F62        A         0
                text11                             1ED2     1ED2       1A         0
                text10                             1F34     1F34       12         0
                text9                              1530     1530       AA         0
                text8                              1676     1676       8A         0
                text7                               B82      B82      200         0
                text6                              1A8A     1A8A       6E         0
                text5                              1A1C     1A1C       6E         0
                text4                              19AE     19AE       6E         0
                text3                              1940     1940       6E         0
                text2                              18D2     18D2       6E         0
                text1                              1864     1864       6E         0
                text0                               372      372      810         0
                cinit                              1DAC     1DAC       44         0
                idataCOMRAM                        1F7E     1F7E        2         0

        CLASS   CONST          

        CLASS   SMALLCONST     
                smallconst                          300      300       72         0

        CLASS   MEDIUMCONST    

        CLASS   COMRAM         
                cstackCOMRAM                          1        1       37         1
                dataCOMRAM                           38       38        2         1
                bssCOMRAM                            3A       3A        1         1

        CLASS   ABS1           

        CLASS   BIGRAM         

        CLASS   RAM            

        CLASS   BANK0          
                cstackBANK0                          91       91       29         1
                bssBANK0                             60       60       31         1

        CLASS   BANK1          
                bssBANK1                            100      100       FF         1

        CLASS   BANK2          

        CLASS   SFR            

        CLASS   FARRAM         

        CLASS   CONFIG         
                config                           300000   300000        E         0

        CLASS   IDLOC          
                idloc                            200000   200000        8         0

        CLASS   EEDATA         



SEGMENTS        Name                           Load    Length   Top    Selector   Space  Class

                reset_vec                      000000  000004  000004         0       0  CODE    
                cstackCOMRAM                   000001  00003A  00003B         1       1  COMRAM  
                intcode                        000008  00000C  000014         4       0  CODE    
                intcodelo                      000018  0000B2  0000CA         C       0  CODE    
                bssBANK0                       000060  00005A  0000BA        60       1  BANK0   
                bssBANK1                       000100  0000FF  0001FF       100       1  BANK1   
                smallconst                     000300  000072  000372       180       0  SMALLCON
                text0                          000372  001C0E  001F80       1B9       0  CODE    
                idloc                          200000  000008  200008    200000       0  IDLOC   
                config                         300000  00000E  30000E    300000       0  CONFIG  


UNUSED ADDRESS RANGES

        Name                Unused          Largest block    Delta
        BANK0            0000BA-0000FF               46
        BANK1            0001FF-0001FF                1
        BANK2            000200-0002FF              100
        BIGRAM           00003B-00005F               25
                         0000BA-0000FF               46
                         0001FF-0002FF              101
        CODE             000004-000007                4
                         000014-000017                4
                         0000CA-0002FF              236
                         001F80-001FFF               80
        COMRAM           00003B-00005F               25
        CONST            000004-000007                4
                         000014-000017                4
                         0000CA-0002FF              236
                         001F80-001FFF               80
        EEDATA           F00000-F000FF              100
        MEDIUMCONST      001F80-001FFF               80
        RAM              0000BA-0000FF               46
                         0001FF-0002FF                1
        SFR              000F60-000FFF               A0
        SMALLCONST       001F80-001FFF               80
        STACK            0001FF-0002FF              101

                                  Symbol Table

?___awdiv                     cstackBANK0  000097
?___lwdiv                     cstackBANK0  000091
?___lwmod                     cstackBANK0  000099
?___wmul                      cstackBANK0  000091
?_sprintf                     cstackBANK0  00009F
LCD_String@string             cstackBANK0  000095
LCDout@number                 cstackBANK0  000092
LEDout@number                 cstackBANK0  000091
RFIDinterrupt@a               cstackCOMRAM 000034
RFIDinterrupt@checksumBytes   cstackCOMRAM 00002E
RFIDinterrupt@checksumHolder  cstackCOMRAM 00002F
RFIDinterrupt@hexArray        cstackCOMRAM 000029
RFIDinterrupt@i               cstackCOMRAM 000030
RFIDinterrupt@k               cstackCOMRAM 000036
RFIDinterrupt@l               cstackCOMRAM 000032
SendLCD@Byte                  cstackBANK0  000094
SendLCD@type                  cstackBANK0  000093
SetLine@line                  cstackBANK0  000096
Stop@m_L                      cstackBANK0  0000A9
Stop@m_R                      cstackBANK0  0000AB
_ANSEL0bits                   (abs)        000FB8
_BAUDCONbits                  (abs)        000FAA
_CAP1BUFH                     (abs)        000F69
_CAP1CON                      (abs)        000F63
_CAP2BUFH                     (abs)        000F67
_CAP2CON                      (abs)        000F62
_DFLTCON                      (abs)        000F60
_E_TOG                        text33       001F46
_INTCONbits                   (abs)        000FF2
_IPR1bits                     (abs)        000F9F
_IPR3bits                     (abs)        000FA5
_IRinterrupt                  intcodelo    000018
_LATA                         (abs)        000F89
_LATAbits                     (abs)        000F89
_LATB                         (abs)        000F8A
_LATC                         (abs)        000F8B
_LATCbits                     (abs)        000F8B
_LATD                         (abs)        000F8C
_LATDbits                     (abs)        000F8C
_LCD_Init                     text30       0013A6
_LCD_String                   text29       00177A
_LCDout                       text32       0015DA
_LEDout                       text28       0017F0
_OSCCON                       (abs)        000FD3
_OSCCONbits                   (abs)        000FD3
_PDC0H                        (abs)        000F78
_PDC0L                        (abs)        000F79
_PDC1H                        (abs)        000F76
_PDC1L                        (abs)        000F77
_PIE1bits                     (abs)        000F9D
_PIE3bits                     (abs)        000FA3
_PIR1bits                     (abs)        000F9E
_PIR3bits                     (abs)        000FA4
_PTCON0                       (abs)        000F7F
_PTCON1                       (abs)        000F7E
_PTPERH                       (abs)        000F7A
_PTPERL                       (abs)        000F7B
_PWMCON0                      (abs)        000F6F
_PWMCON1                      (abs)        000F6E
_RCONbits                     (abs)        000FD0
_RCREG                        (abs)        000FAE
_RCSTAbits                    (abs)        000FAB
_RFIDinterrupt                intcode      000008
_SPBRG                        (abs)        000FAF
_SPBRGH                       (abs)        000FB0
_SendLCD                      text31       001E28
_SetLine                      text27       001D5C
_Stop                         text23       001D04
_T5CON                        (abs)        000FB7
_T5CONbits                    (abs)        000FB7
_TMR5H                        (abs)        000F88
_TMR5L                        (abs)        000F87
_TRISA                        (abs)        000F92
_TRISAbits                    (abs)        000F92
_TRISB                        (abs)        000F93
_TRISC                        (abs)        000F94
_TRISCbits                    (abs)        000F94
_TRISD                        (abs)        000F95
_TXSTAbits                    (abs)        000FAC
__CFG_OSC$IRCIO               (abs)        000000
__HRAM                        (abs)        000000
__Habs1                       abs1         000000
__Hbank0                      bank0        000000
__Hbank1                      bank1        000000
__Hbank2                      bank2        000000
__Hbigbss                     bigbss       000000
__Hbigdata                    bigdata      000000
__Hbigram                     bigram       000000
__Hbss                        bss          000000
__HbssBANK0                   bssBANK0     000000
__HbssBANK1                   bssBANK1     000000
__HbssCOMRAM                  bssCOMRAM    000000
__Hcinit                      cinit        000000
__Hclrtext                    clrtext      000000
__Hcomram                     comram       000000
__Hconfig                     config       30000E
__Hconst                      const        000000
__HcstackBANK0                cstackBANK0  000000
__HcstackCOMRAM               cstackCOMRAM 000000
__Hdata                       data         000000
__HdataCOMRAM                 dataCOMRAM   000000
__Heeprom_data                eeprom_data  000000
__Hend_init                   end_init     0000CA
__Hfarbss                     farbss       000000
__Hfardata                    fardata      000000
__Hibigdata                   ibigdata     000000
__Hidata                      idata        000000
__HidataCOMRAM                idataCOMRAM  000000
__Hidloc                      idloc        200008
__Hifardata                   ifardata     000000
__Hinit                       init         0000C6
__Hintcode                    intcode      000014
__Hintcode_body               intcode_body 000000
__Hintcodelo                  intcodelo    0000C6
__Hintentry                   intentry     000000
__Hintret                     intret       000000
__Hintsave_regs               intsave_regs 000000
__Hirdata                     irdata       000000
__Hmediumconst                mediumconst  000000
__HnvFARRAM                   nvFARRAM     000000
__Hnvbit                      nvbit        000000
__Hnvrram                     nvrram       000000
__Hparam                      rparam       000000
__Hpowerup                    powerup      0000C6
__Hram                        ram          000000
__Hramtop                     ramtop       000300
__Hrbit                       rbit         000000
__Hrbss                       rbss         000000
__Hrdata                      rdata        000000
__Hreset_vec                  reset_vec    000004
__Hrparam                     rparam       000000
__Hsfr                        sfr          000000
__Hsmallconst                 smallconst   000372
__Hstack                      stack        000000
__Hstruct                     struct       000000
__Htemp                       temp         000000
__Htext                       text         000000
__Htext0                      text0        000000
__Htext1                      text1        000000
__Htext10                     text10       000000
__Htext11                     text11       000000
__Htext12                     text12       000000
__Htext13                     text13       000000
__Htext14                     text14       000000
__Htext15                     text15       000000
__Htext16                     text16       000000
__Htext17                     text17       000000
__Htext18                     text18       000000
__Htext19                     text19       000000
__Htext2                      text2        000000
__Htext20                     text20       000000
__Htext21                     text21       000000
__Htext22                     text22       000000
__Htext23                     text23       000000
__Htext24                     text24       000000
__Htext25                     text25       000000
__Htext26                     text26       000000
__Htext27                     text27       000000
__Htext28                     text28       000000
__Htext29                     text29       000000
__Htext3                      text3        000000
__Htext30                     text30       000000
__Htext31                     text31       000000
__Htext32                     text32       000000
__Htext33                     text33       000000
__Htext36                     text36       000000
__Htext37                     text37       000000
__Htext38                     text38       000000
__Htext39                     text39       000000
__Htext4                      text4        000000
__Htext40                     text40       000000
__Htext41                     text41       000000
__Htext42                     text42       000000
__Htext5                      text5        000000
__Htext6                      text6        000000
__Htext7                      text7        000000
__Htext8                      text8        000000
__Htext9                      text9        000000
__LRAM                        (abs)        000001
__Labs1                       abs1         000000
__Lbank0                      bank0        000000
__Lbank1                      bank1        000000
__Lbank2                      bank2        000000
__Lbigbss                     bigbss       000000
__Lbigdata                    bigdata      000000
__Lbigram                     bigram       000000
__Lbss                        bss          000000
__LbssBANK0                   bssBANK0     000000
__LbssBANK1                   bssBANK1     000000
__LbssCOMRAM                  bssCOMRAM    000000
__Lcinit                      cinit        000000
__Lclrtext                    clrtext      000000
__Lcomram                     comram       000000
__Lconfig                     config       300000
__Lconst                      const        000000
__LcstackBANK0                cstackBANK0  000000
__LcstackCOMRAM               cstackCOMRAM 000000
__Ldata                       data         000000
__LdataCOMRAM                 dataCOMRAM   000000
__Leeprom_data                eeprom_data  000000
__Lend_init                   end_init     0000C6
__Lfarbss                     farbss       000000
__Lfardata                    fardata      000000
__Libigdata                   ibigdata     000000
__Lidata                      idata        000000
__LidataCOMRAM                idataCOMRAM  000000
__Lidloc                      idloc        200000
__Lifardata                   ifardata     000000
__Linit                       init         0000C6
__Lintcode                    intcode      000008
__Lintcode_body               intcode_body 000000
__Lintcodelo                  intcodelo    000018
__Lintentry                   intentry     000000
__Lintret                     intret       000000
__Lintsave_regs               intsave_regs 000000
__Lirdata                     irdata       000000
__Lmediumconst                mediumconst  000000
__LnvFARRAM                   nvFARRAM     000000
__Lnvbit                      nvbit        000000
__Lnvrram                     nvrram       000000
__Lparam                      rparam       000000
__Lpowerup                    powerup      0000C6
__Lram                        ram          000000
__Lramtop                     ramtop       000300
__Lrbit                       rbit         000000
__Lrbss                       rbss         000000
__Lrdata                      rdata        000000
__Lreset_vec                  reset_vec    000000
__Lrparam                     rparam       000000
__Lsfr                        sfr          000000
__Lsmallconst                 smallconst   000300
__Lstack                      stack        000000
__Lstruct                     struct       000000
__Ltemp                       temp         000000
__Ltext                       text         000000
__Ltext0                      text0        000000
__Ltext1                      text1        000000
__Ltext10                     text10       000000
__Ltext11                     text11       000000
__Ltext12                     text12       000000
__Ltext13                     text13       000000
__Ltext14                     text14       000000
__Ltext15                     text15       000000
__Ltext16                     text16       000000
__Ltext17                     text17       000000
__Ltext18                     text18       000000
__Ltext19                     text19       000000
__Ltext2                      text2        000000
__Ltext20                     text20       000000
__Ltext21                     text21       000000
__Ltext22                     text22       000000
__Ltext23                     text23       000000
__Ltext24                     text24       000000
__Ltext25                     text25       000000
__Ltext26                     text26       000000
__Ltext27                     text27       000000
__Ltext28                     text28       000000
__Ltext29                     text29       000000
__Ltext3                      text3        000000
__Ltext30                     text30       000000
__Ltext31                     text31       000000
__Ltext32                     text32       000000
__Ltext33                     text33       000000
__Ltext36                     text36       000000
__Ltext37                     text37       000000
__Ltext38                     text38       000000
__Ltext39                     text39       000000
__Ltext4                      text4        000000
__Ltext40                     text40       000000
__Ltext41                     text41       000000
__Ltext42                     text42       000000
__Ltext5                      text5        000000
__Ltext6                      text6        000000
__Ltext7                      text7        000000
__Ltext8                      text8        000000
__Ltext9                      text9        000000
__S0                          (abs)        30000E
__S1                          (abs)        0001FF
__S2                          (abs)        000000
___awdiv                      text26       001270
___awdiv@counter              cstackBANK0  00009C
___awdiv@dividend             cstackBANK0  000097
___awdiv@divisor              cstackBANK0  000099
___awdiv@quotient             cstackBANK0  00009E
___awdiv@sign                 cstackBANK0  00009D
___inthi_sp                   stack        000000
___intlo_sp                   stack        000000
___lwdiv                      text9        001530
___lwdiv@counter              cstackBANK0  000098
___lwdiv@dividend             cstackBANK0  000091
___lwdiv@divisor              cstackBANK0  000093
___lwdiv@quotient             cstackBANK0  000096
___lwmod                      text8        001676
___lwmod@counter              cstackBANK0  00009E
___lwmod@dividend             cstackBANK0  000099
___lwmod@divisor              cstackBANK0  00009B
___sp                         stack        000000
___wmul                       text25       001C40
___wmul@multiplicand          cstackBANK0  000093
___wmul@multiplier            cstackBANK0  000091
___wmul@product               cstackBANK0  000095
__accesstop                   (abs)        000060
__activetblptr                (abs)        000002
__end_of_E_TOG                text33       001F54
__end_of_IRinterrupt          intcodelo    0000C6
__end_of_LCD_Init             text30       001472
__end_of_LCD_String           text29       0017F0
__end_of_LCDout               text32       001676
__end_of_LEDout               text28       001864
__end_of_RFIDinterrupt        intcode_body 000F44
__end_of_SendLCD              text31       001E5E
__end_of_SetLine              text27       001DAC
__end_of_Stop                 text23       001D5C
__end_of___awdiv              text26       0013A6
__end_of___lwdiv              text9        0015DA
__end_of___lwmod              text8        001700
__end_of___wmul               text25       001CA2
__end_of__initialization      cinit        001DE6
__end_of__stringdata          smallconst   000371
__end_of_asciiHexBinary       text42       001EB0
__end_of_clearLCD             text22       001F1E
__end_of_customChars          text21       001270
__end_of_delay_s              text20       001C40
__end_of_dpowers              smallconst   00030B
__end_of_fullSpeedAhead       text19       001BD4
__end_of_fullSpeedBack        text18       001B66
__end_of_getCharSerial        text41       001F7E
__end_of_initMotor            text17       001530
__end_of_initPWM              text16       001F06
__end_of_main                 text0        000B82
__end_of_setAllPorts          text15       001ED2
__end_of_setInputCapture      text14       001F76
__end_of_setInterrupts        text13       001F34
__end_of_setMotorPWM          text24       0010F8
__end_of_setPorts             text12       001F6C
__end_of_setTimer5            text11       001EEC
__end_of_setupEUSART          text10       001F46
__end_of_sprintf              text7        000D82
__end_of_turnLeft             text6        001AF8
__end_of_turnRight            text5        001A8A
__end_of_turnSlightLeft       text4        001A1C
__end_of_turnSlightLeftBack   text3        0019AE
__end_of_turnSlightRight      text2        001940
__end_of_turnSlightRightBack  text1        0018D2
__end_ofi2_E_TOG              text40       001F62
__end_ofi2_LCD_String         text37       001D04
__end_ofi2_LCDout             text39       00177A
__end_ofi2_SendLCD            text38       001E88
__end_ofi2_SetLine            text36       001E28
__initialization              cinit        001DAC
__mediumconst                 mediumconst  000000
__pbssBANK0                   bssBANK0     000060
__pbssBANK1                   bssBANK1     000100
__pbssCOMRAM                  bssCOMRAM    00003A
__pcinit                      cinit        001DAC
__pcstackBANK0                cstackBANK0  000091
__pcstackCOMRAM               cstackCOMRAM 000001
__pdataCOMRAM                 dataCOMRAM   000038
__pidataCOMRAM                idataCOMRAM  001F7E
__pintcode                    intcode      000008
__pintcode_body               intcode_body 000D82
__pintcodelo                  intcodelo    000018
__psmallconst                 smallconst   000300
__ptext0                      text0        000372
__ptext1                      text1        001864
__ptext10                     text10       001F34
__ptext11                     text11       001ED2
__ptext12                     text12       001F62
__ptext13                     text13       001F1E
__ptext14                     text14       001F6C
__ptext15                     text15       001EB0
__ptext16                     text16       001EEC
__ptext17                     text17       001472
__ptext18                     text18       001AF8
__ptext19                     text19       001B66
__ptext2                      text2        0018D2
__ptext20                     text20       001BD4
__ptext21                     text21       0010F8
__ptext22                     text22       001F06
__ptext23                     text23       001D04
__ptext24                     text24       000F44
__ptext25                     text25       001C40
__ptext26                     text26       001270
__ptext27                     text27       001D5C
__ptext28                     text28       0017F0
__ptext29                     text29       00177A
__ptext3                      text3        001940
__ptext30                     text30       0013A6
__ptext31                     text31       001E28
__ptext32                     text32       0015DA
__ptext33                     text33       001F46
__ptext36                     text36       001DF0
__ptext37                     text37       001CA2
__ptext38                     text38       001E5E
__ptext39                     text39       001700
__ptext4                      text4        0019AE
__ptext40                     text40       001F54
__ptext41                     text41       001F76
__ptext42                     text42       001E88
__ptext5                      text5        001A1C
__ptext6                      text6        001A8A
__ptext7                      text7        000B82
__ptext8                      text8        001676
__ptext9                      text9        001530
__ramtop                      ramtop       000300
__size_of_E_TOG               (abs)        000000
__size_of_IRinterrupt         (abs)        000000
__size_of_LCD_Init            (abs)        000000
__size_of_LCD_String          (abs)        000000
__size_of_LCDout              (abs)        000000
__size_of_LEDout              (abs)        000000
__size_of_RFIDinterrupt       (abs)        000000
__size_of_SendLCD             (abs)        000000
__size_of_SetLine             (abs)        000000
__size_of_Stop                (abs)        000000
__size_of___awdiv             (abs)        000000
__size_of___lwdiv             (abs)        000000
__size_of___lwmod             (abs)        000000
__size_of___wmul              (abs)        000000
__size_of_asciiHexBinary      (abs)        000000
__size_of_clearLCD            (abs)        000000
__size_of_customChars         (abs)        000000
__size_of_delay_s             (abs)        000000
__size_of_fullSpeedAhead      (abs)        000000
__size_of_fullSpeedBack       (abs)        000000
__size_of_getCharSerial       (abs)        000000
__size_of_initMotor           (abs)        000000
__size_of_initPWM             (abs)        000000
__size_of_main                (abs)        000000
__size_of_setAllPorts         (abs)        000000
__size_of_setInputCapture     (abs)        000000
__size_of_setInterrupts       (abs)        000000
__size_of_setMotorPWM         (abs)        000000
__size_of_setPorts            (abs)        000000
__size_of_setTimer5           (abs)        000000
__size_of_setupEUSART         (abs)        000000
__size_of_sprintf             (abs)        000000
__size_of_turnLeft            (abs)        000000
__size_of_turnRight           (abs)        000000
__size_of_turnSlightLeft      (abs)        000000
__size_of_turnSlightLeftBack  (abs)        000000
__size_of_turnSlightRight     (abs)        000000
__size_of_turnSlightRightBack (abs)        000000
__size_ofi2_E_TOG             (abs)        000000
__size_ofi2_LCD_String        (abs)        000000
__size_ofi2_LCDout            (abs)        000000
__size_ofi2_SendLCD           (abs)        000000
__size_ofi2_SetLine           (abs)        000000
__smallconst                  smallconst   000300
__stringdata                  smallconst   00030B
_asciiHexBinary               text42       001E88
_cap1Buffer                   bssBANK0     000070
_cap2Buffer                   bssBANK0     000072
_clearLCD                     text22       001F06
_count                        bssBANK0     000074
_customChars                  text21       0010F8
_delay_s                      text20       001BD4
_dpowers                      smallconst   000301
_fullSpeedAhead               text19       001B66
_fullSpeedBack                text18       001AF8
_getCharSerial                text41       001F76
_hold                         dataCOMRAM   000038
_initMotor                    text17       001472
_initPWM                      text16       001EEC
_lcdBuffer1                   bssBANK0     00007E
_lcdBuffer2                   bssCOMRAM    00003A
_lcdFlag                      bssBANK0     000076
_main                         text0        000372
_motorL                       bssBANK0     00007F
_motorR                       bssBANK0     000088
_path                         bssBANK1     000100
_rfidData                     bssBANK0     000060
_rfidFlag                     bssBANK0     000078
_search                       bssBANK0     00007A
_setAllPorts                  text15       001EB0
_setInputCapture              text14       001F6C
_setInterrupts                text13       001F1E
_setMotorPWM                  text24       000F44
_setPorts                     text12       001F62
_setTimer5                    text11       001ED2
_setupEUSART                  text10       001F34
_sprintf                      text7        000B82
_startFlag                    bssBANK0     00007C
_turnLeft                     text6        001A8A
_turnRight                    text5        001A1C
_turnSlightLeft               text4        0019AE
_turnSlightLeftBack           text3        001940
_turnSlightRight              text2        0018D2
_turnSlightRightBack          text1        001864
asciiHexBinary@first          cstackCOMRAM 000014
asciiHexBinary@last           cstackCOMRAM 000012
delay_s@i                     cstackBANK0  00009A
delay_s@sec                   cstackBANK0  000097
end_of_initialization         cinit        001DE6
fullSpeedAhead@m_L            cstackBANK0  0000A9
fullSpeedAhead@m_R            cstackBANK0  0000AB
fullSpeedBack@m_L             cstackBANK0  0000A9
fullSpeedBack@m_R             cstackBANK0  0000AB
i2LCD_String@string           cstackCOMRAM 000016
i2LCDout@number               cstackCOMRAM 000013
i2SendLCD@Byte                cstackCOMRAM 000015
i2SendLCD@type                cstackCOMRAM 000014
i2SetLine@line                cstackCOMRAM 000017
i2_E_TOG                      text40       001F54
i2_LCD_String                 text37       001CA2
i2_LCDout                     text39       001700
i2_SendLCD                    text38       001E5E
i2_SetLine                    text36       001DF0
int_func                      intcode_body 000D82
intlevel0                     text         000000
intlevel1                     text         000000
intlevel2                     text         000000
intlevel3                     text         000000
main@i                        cstackBANK0  0000B4
main@j                        cstackBANK0  0000B6
main@x                        cstackBANK0  0000B8
setMotorPWM@PWMduty           cstackBANK0  0000A7
setMotorPWM@m                 cstackBANK0  0000A0
sprintf@_val                  cstackBANK0  0000AD
sprintf@ap                    cstackBANK0  0000A9
sprintf@c                     cstackBANK0  0000B2
sprintf@f                     cstackBANK0  0000A1
sprintf@flag                  cstackBANK0  0000AB
sprintf@prec                  cstackBANK0  0000AC
sprintf@sp                    cstackBANK0  00009F
stackhi                       (abs)        0002FF
stacklo                       (abs)        0001FF
start                         init         0000C6
start_initialization          cinit        001DAC
turnLeft@m_L                  cstackBANK0  0000A9
turnLeft@m_R                  cstackBANK0  0000AB
turnRight@m_L                 cstackBANK0  0000A9
turnRight@m_R                 cstackBANK0  0000AB
turnSlightLeft@m_L            cstackBANK0  0000A9
turnSlightLeft@m_R            cstackBANK0  0000AB
turnSlightLeftBack@m_L        cstackBANK0  0000A9
turnSlightLeftBack@m_R        cstackBANK0  0000AB
turnSlightRight@m_L           cstackBANK0  0000A9
turnSlightRight@m_R           cstackBANK0  0000AB
turnSlightRightBack@m_L       cstackBANK0  0000A9
turnSlightRightBack@m_R       cstackBANK0  0000AB


FUNCTION INFORMATION:

 *************** function _main *****************
 Defined at:
		line 184 in file "main.c"
 Parameters:    Size  Location     Type
		None
 Auto vars:     Size  Location     Type
  j               2   37[BANK0 ] int 
  x               2   39[BANK0 ] int 
  i               2   35[BANK0 ] int 
 Return value:  Size  Location     Type
		None               void
 Registers used:
		wreg, fsr0l, fsr0h, fsr1l, fsr1h, fsr1l, fsr1h, fsr2l, fsr2h, status,2, status,0, pclat, btemp, btemp+1, btemp+2, btemp+3, btemp+4, btemp+5, btemp+6, btemp+7, btemp+8, btemp+9, btemp+10, btemp+11, tosl, structret, tblptrl, tblptrh, tblptru, prodl, prodh, bsr, cstack
 Tracked objects:
		On entry : 
		On exit  : 
		Unchanged: 
 Data sizes:     COMRAM   BANK0   BANK1   BANK2
      Params:         0       0       0       0
      Locals:         0       6       0       0
      Temps:          0       1       0       0
      Totals:         0       7       0       0
Total ram usage:        7 bytes
 Hardware stack levels required when called:   10
 This function calls:
		_LCD_Init
		_LCD_String
		_LEDout
		_SendLCD
		_SetLine
		_Stop
		_clearLCD
		_customChars
		_delay_s
		_fullSpeedAhead
		_fullSpeedBack
		_initMotor
		_initPWM
		_setAllPorts
		_setInputCapture
		_setInterrupts
		_setPorts
		_setTimer5
		_setupEUSART
		_sprintf
		_turnLeft
		_turnRight
		_turnSlightLeft
		_turnSlightLeftBack
		_turnSlightRight
		_turnSlightRightBack
 This function is called by:
		Startup code after reset
 This function uses a non-reentrant model


 *************** function _turnSlightRightBack *****************
 Defined at:
		line 99 in file "DCMOTOR.c"
 Parameters:    Size  Location     Type
  m_L             2   24[BANK0 ] PTR struct DC_motor
		 -> motorL(9), 
  m_R             2   26[BANK0 ] PTR struct DC_motor
		 -> motorR(9), 
 Auto vars:     Size  Location     Type
		None
 Return value:  Size  Location     Type
		None               void
 Registers used:
		wreg, fsr2l, fsr2h, status,2, status,0, prodl, prodh, cstack
 Tracked objects:
		On entry : 
		On exit  : 
		Unchanged: 
 Data sizes:     COMRAM   BANK0   BANK1   BANK2
      Params:         0       4       0       0
      Locals:         0       0       0       0
      Temps:          0       0       0       0
      Totals:         0       4       0       0
Total ram usage:        4 bytes
 Hardware stack levels used:    1
 Hardware stack levels required when called:    8
 This function calls:
		_setMotorPWM
 This function is called by:
		_main
 This function uses a non-reentrant model


 *************** function _turnSlightRight *****************
 Defined at:
		line 86 in file "DCMOTOR.c"
 Parameters:    Size  Location     Type
  m_L             2   24[BANK0 ] PTR struct DC_motor
		 -> motorL(9), 
  m_R             2   26[BANK0 ] PTR struct DC_motor
		 -> motorR(9), 
 Auto vars:     Size  Location     Type
		None
 Return value:  Size  Location     Type
		None               void
 Registers used:
		wreg, fsr2l, fsr2h, status,2, status,0, prodl, prodh, cstack
 Tracked objects:
		On entry : 
		On exit  : 
		Unchanged: 
 Data sizes:     COMRAM   BANK0   BANK1   BANK2
      Params:         0       4       0       0
      Locals:         0       0       0       0
      Temps:          0       0       0       0
      Totals:         0       4       0       0
Total ram usage:        4 bytes
 Hardware stack levels used:    1
 Hardware stack levels required when called:    8
 This function calls:
		_setMotorPWM
 This function is called by:
		_main
 This function uses a non-reentrant model


 *************** function _turnSlightLeftBack *****************
 Defined at:
		line 112 in file "DCMOTOR.c"
 Parameters:    Size  Location     Type
  m_L             2   24[BANK0 ] PTR struct DC_motor
		 -> motorL(9), 
  m_R             2   26[BANK0 ] PTR struct DC_motor
		 -> motorR(9), 
 Auto vars:     Size  Location     Type
		None
 Return value:  Size  Location     Type
		None               void
 Registers used:
		wreg, fsr2l, fsr2h, status,2, status,0, prodl, prodh, cstack
 Tracked objects:
		On entry : 
		On exit  : 
		Unchanged: 
 Data sizes:     COMRAM   BANK0   BANK1   BANK2
      Params:         0       4       0       0
      Locals:         0       0       0       0
      Temps:          0       0       0       0
      Totals:         0       4       0       0
Total ram usage:        4 bytes
 Hardware stack levels used:    1
 Hardware stack levels required when called:    8
 This function calls:
		_setMotorPWM
 This function is called by:
		_main
 This function uses a non-reentrant model


 *************** function _turnSlightLeft *****************
 Defined at:
		line 126 in file "DCMOTOR.c"
 Parameters:    Size  Location     Type
  m_L             2   24[BANK0 ] PTR struct DC_motor
		 -> motorL(9), 
  m_R             2   26[BANK0 ] PTR struct DC_motor
		 -> motorR(9), 
 Auto vars:     Size  Location     Type
		None
 Return value:  Size  Location     Type
		None               void
 Registers used:
		wreg, fsr2l, fsr2h, status,2, status,0, prodl, prodh, cstack
 Tracked objects:
		On entry : 
		On exit  : 
		Unchanged: 
 Data sizes:     COMRAM   BANK0   BANK1   BANK2
      Params:         0       4       0       0
      Locals:         0       0       0       0
      Temps:          0       0       0       0
      Totals:         0       4       0       0
Total ram usage:        4 bytes
 Hardware stack levels used:    1
 Hardware stack levels required when called:    8
 This function calls:
		_setMotorPWM
 This function is called by:
		_main
 This function uses a non-reentrant model


 *************** function _turnRight *****************
 Defined at:
		line 73 in file "DCMOTOR.c"
 Parameters:    Size  Location     Type
  m_L             2   24[BANK0 ] PTR struct DC_motor
		 -> motorL(9), 
  m_R             2   26[BANK0 ] PTR struct DC_motor
		 -> motorR(9), 
 Auto vars:     Size  Location     Type
		None
 Return value:  Size  Location     Type
		None               void
 Registers used:
		wreg, fsr2l, fsr2h, status,2, status,0, prodl, prodh, cstack
 Tracked objects:
		On entry : 
		On exit  : 
		Unchanged: 
 Data sizes:     COMRAM   BANK0   BANK1   BANK2
      Params:         0       4       0       0
      Locals:         0       0       0       0
      Temps:          0       0       0       0
      Totals:         0       4       0       0
Total ram usage:        4 bytes
 Hardware stack levels used:    1
 Hardware stack levels required when called:    8
 This function calls:
		_setMotorPWM
 This function is called by:
		_main
 This function uses a non-reentrant model


 *************** function _turnLeft *****************
 Defined at:
		line 60 in file "DCMOTOR.c"
 Parameters:    Size  Location     Type
  m_L             2   24[BANK0 ] PTR struct DC_motor
		 -> motorL(9), 
  m_R             2   26[BANK0 ] PTR struct DC_motor
		 -> motorR(9), 
 Auto vars:     Size  Location     Type
		None
 Return value:  Size  Location     Type
		None               void
 Registers used:
		wreg, fsr2l, fsr2h, status,2, status,0, prodl, prodh, cstack
 Tracked objects:
		On entry : 
		On exit  : 
		Unchanged: 
 Data sizes:     COMRAM   BANK0   BANK1   BANK2
      Params:         0       4       0       0
      Locals:         0       0       0       0
      Temps:          0       0       0       0
      Totals:         0       4       0       0
Total ram usage:        4 bytes
 Hardware stack levels used:    1
 Hardware stack levels required when called:    8
 This function calls:
		_setMotorPWM
 This function is called by:
		_main
 This function uses a non-reentrant model


 *************** function _sprintf *****************
 Defined at:
		line 492 in file "/Applications/microchip/xc8/v1.30/sources/common/doprnt.c"
 Parameters:    Size  Location     Type
  sp              2   14[BANK0 ] PTR unsigned char 
		 -> RAM(767), 
  f               2   16[BANK0 ] PTR const unsigned char 
		 -> STR_2(19), 
 Auto vars:     Size  Location     Type
  _val            5   28[BANK0 ] struct .
  ap              2   24[BANK0 ] PTR void [1]
		 -> ?_sprintf(2), 
  c               1   33[BANK0 ] char 
  prec            1   27[BANK0 ] char 
  flag            1   26[BANK0 ] unsigned char 
 Return value:  Size  Location     Type
                  2   14[BANK0 ] int 
 Registers used:
		wreg, fsr2l, fsr2h, status,2, status,0, tblptrl, tblptrh, tblptru, prodl, prodh, cstack
 Tracked objects:
		On entry : 
		On exit  : 
		Unchanged: 
 Data sizes:     COMRAM   BANK0   BANK1   BANK2
      Params:         0       8       0       0
      Locals:         0      10       0       0
      Temps:          0       2       0       0
      Totals:         0      20       0       0
Total ram usage:       20 bytes
 Hardware stack levels used:    1
 Hardware stack levels required when called:    7
 This function calls:
		___lwdiv
		___lwmod
 This function is called by:
		_main
 This function uses a non-reentrant model


 *************** function ___lwmod *****************
 Defined at:
		line 8 in file "/Applications/microchip/xc8/v1.30/sources/common/lwmod.c"
 Parameters:    Size  Location     Type
  dividend        2    8[BANK0 ] unsigned int 
  divisor         2   10[BANK0 ] unsigned int 
 Auto vars:     Size  Location     Type
  counter         1   13[BANK0 ] unsigned char 
 Return value:  Size  Location     Type
                  2    8[BANK0 ] unsigned int 
 Registers used:
		wreg, status,2, status,0
 Tracked objects:
		On entry : 
		On exit  : 
		Unchanged: 
 Data sizes:     COMRAM   BANK0   BANK1   BANK2
      Params:         0       4       0       0
      Locals:         0       1       0       0
      Temps:          0       1       0       0
      Totals:         0       6       0       0
Total ram usage:        6 bytes
 Hardware stack levels used:    1
 Hardware stack levels required when called:    6
 This function calls:
		Nothing
 This function is called by:
		_sprintf
 This function uses a non-reentrant model


 *************** function ___lwdiv *****************
 Defined at:
		line 8 in file "/Applications/microchip/xc8/v1.30/sources/common/lwdiv.c"
 Parameters:    Size  Location     Type
  dividend        2    0[BANK0 ] unsigned int 
  divisor         2    2[BANK0 ] unsigned int 
 Auto vars:     Size  Location     Type
  quotient        2    5[BANK0 ] unsigned int 
  counter         1    7[BANK0 ] unsigned char 
 Return value:  Size  Location     Type
                  2    0[BANK0 ] unsigned int 
 Registers used:
		wreg, status,2, status,0
 Tracked objects:
		On entry : 
		On exit  : 
		Unchanged: 
 Data sizes:     COMRAM   BANK0   BANK1   BANK2
      Params:         0       4       0       0
      Locals:         0       3       0       0
      Temps:          0       1       0       0
      Totals:         0       8       0       0
Total ram usage:        8 bytes
 Hardware stack levels used:    1
 Hardware stack levels required when called:    6
 This function calls:
		Nothing
 This function is called by:
		_sprintf
 This function uses a non-reentrant model


 *************** function _setupEUSART *****************
 Defined at:
		line 16 in file "SERIAL.c"
 Parameters:    Size  Location     Type
		None
 Auto vars:     Size  Location     Type
		None
 Return value:  Size  Location     Type
		None               void
 Registers used:
		wreg, status,2
 Tracked objects:
		On entry : 
		On exit  : 
		Unchanged: 
 Data sizes:     COMRAM   BANK0   BANK1   BANK2
      Params:         0       0       0       0
      Locals:         0       0       0       0
      Temps:          0       0       0       0
      Totals:         0       0       0       0
Total ram usage:        0 bytes
 Hardware stack levels used:    1
 Hardware stack levels required when called:    6
 This function calls:
		Nothing
 This function is called by:
		_main
 This function uses a non-reentrant model


 *************** function _setTimer5 *****************
 Defined at:
		line 71 in file "SETUP.c"
 Parameters:    Size  Location     Type
		None
 Auto vars:     Size  Location     Type
		None
 Return value:  Size  Location     Type
		None               void
 Registers used:
		wreg, status,2
 Tracked objects:
		On entry : 
		On exit  : 
		Unchanged: 
 Data sizes:     COMRAM   BANK0   BANK1   BANK2
      Params:         0       0       0       0
      Locals:         0       0       0       0
      Temps:          0       0       0       0
      Totals:         0       0       0       0
Total ram usage:        0 bytes
 Hardware stack levels used:    1
 Hardware stack levels required when called:    6
 This function calls:
		Nothing
 This function is called by:
		_main
 This function uses a non-reentrant model


 *************** function _setPorts *****************
 Defined at:
		line 87 in file "SETUP.c"
 Parameters:    Size  Location     Type
		None
 Auto vars:     Size  Location     Type
		None
 Return value:  Size  Location     Type
		None               void
 Registers used:
		None
 Tracked objects:
		On entry : 
		On exit  : 
		Unchanged: 
 Data sizes:     COMRAM   BANK0   BANK1   BANK2
      Params:         0       0       0       0
      Locals:         0       0       0       0
      Temps:          0       0       0       0
      Totals:         0       0       0       0
Total ram usage:        0 bytes
 Hardware stack levels used:    1
 Hardware stack levels required when called:    6
 This function calls:
		Nothing
 This function is called by:
		_main
 This function uses a non-reentrant model


 *************** function _setInterrupts *****************
 Defined at:
		line 40 in file "SETUP.c"
 Parameters:    Size  Location     Type
		None
 Auto vars:     Size  Location     Type
		None
 Return value:  Size  Location     Type
		None               void
 Registers used:
		None
 Tracked objects:
		On entry : 
		On exit  : 
		Unchanged: 
 Data sizes:     COMRAM   BANK0   BANK1   BANK2
      Params:         0       0       0       0
      Locals:         0       0       0       0
      Temps:          0       0       0       0
      Totals:         0       0       0       0
Total ram usage:        0 bytes
 Hardware stack levels used:    1
 Hardware stack levels required when called:    6
 This function calls:
		Nothing
 This function is called by:
		_main
 This function uses a non-reentrant model


 *************** function _setInputCapture *****************
 Defined at:
		line 63 in file "SETUP.c"
 Parameters:    Size  Location     Type
		None
 Auto vars:     Size  Location     Type
		None
 Return value:  Size  Location     Type
		None               void
 Registers used:
		wreg, status,2
 Tracked objects:
		On entry : 
		On exit  : 
		Unchanged: 
 Data sizes:     COMRAM   BANK0   BANK1   BANK2
      Params:         0       0       0       0
      Locals:         0       0       0       0
      Temps:          0       0       0       0
      Totals:         0       0       0       0
Total ram usage:        0 bytes
 Hardware stack levels used:    1
 Hardware stack levels required when called:    6
 This function calls:
		Nothing
 This function is called by:
		_main
 This function uses a non-reentrant model


 *************** function _setAllPorts *****************
 Defined at:
		line 7 in file "SETUP.c"
 Parameters:    Size  Location     Type
		None
 Auto vars:     Size  Location     Type
		None
 Return value:  Size  Location     Type
		None               void
 Registers used:
		wreg, status,2
 Tracked objects:
		On entry : 
		On exit  : 
		Unchanged: 
 Data sizes:     COMRAM   BANK0   BANK1   BANK2
      Params:         0       0       0       0
      Locals:         0       0       0       0
      Temps:          0       0       0       0
      Totals:         0       0       0       0
Total ram usage:        0 bytes
 Hardware stack levels used:    1
 Hardware stack levels required when called:    6
 This function calls:
		Nothing
 This function is called by:
		_main
 This function uses a non-reentrant model


 *************** function _initPWM *****************
 Defined at:
		line 4 in file "DCMOTOR.c"
 Parameters:    Size  Location     Type
		None
 Auto vars:     Size  Location     Type
		None
 Return value:  Size  Location     Type
		None               void
 Registers used:
		wreg, status,2
 Tracked objects:
		On entry : 
		On exit  : 
		Unchanged: 
 Data sizes:     COMRAM   BANK0   BANK1   BANK2
      Params:         0       0       0       0
      Locals:         0       0       0       0
      Temps:          0       0       0       0
      Totals:         0       0       0       0
Total ram usage:        0 bytes
 Hardware stack levels used:    1
 Hardware stack levels required when called:    6
 This function calls:
		Nothing
 This function is called by:
		_main
 This function uses a non-reentrant model


 *************** function _initMotor *****************
 Defined at:
		line 19 in file "DCMOTOR.c"
 Parameters:    Size  Location     Type
		None
 Auto vars:     Size  Location     Type
		None
 Return value:  Size  Location     Type
		None               void
 Registers used:
		wreg, status,2, status,0
 Tracked objects:
		On entry : 
		On exit  : 
		Unchanged: 
 Data sizes:     COMRAM   BANK0   BANK1   BANK2
      Params:         0       0       0       0
      Locals:         0       0       0       0
      Temps:          0       1       0       0
      Totals:         0       1       0       0
Total ram usage:        1 bytes
 Hardware stack levels used:    1
 Hardware stack levels required when called:    6
 This function calls:
		Nothing
 This function is called by:
		_main
 This function uses a non-reentrant model


 *************** function _fullSpeedBack *****************
 Defined at:
		line 153 in file "DCMOTOR.c"
 Parameters:    Size  Location     Type
  m_L             2   24[BANK0 ] PTR struct DC_motor
		 -> motorL(9), 
  m_R             2   26[BANK0 ] PTR struct DC_motor
		 -> motorR(9), 
 Auto vars:     Size  Location     Type
		None
 Return value:  Size  Location     Type
		None               void
 Registers used:
		wreg, fsr2l, fsr2h, status,2, status,0, prodl, prodh, cstack
 Tracked objects:
		On entry : 
		On exit  : 
		Unchanged: 
 Data sizes:     COMRAM   BANK0   BANK1   BANK2
      Params:         0       4       0       0
      Locals:         0       0       0       0
      Temps:          0       0       0       0
      Totals:         0       4       0       0
Total ram usage:        4 bytes
 Hardware stack levels used:    1
 Hardware stack levels required when called:    8
 This function calls:
		_setMotorPWM
 This function is called by:
		_main
 This function uses a non-reentrant model


 *************** function _fullSpeedAhead *****************
 Defined at:
		line 140 in file "DCMOTOR.c"
 Parameters:    Size  Location     Type
  m_L             2   24[BANK0 ] PTR struct DC_motor
		 -> motorL(9), 
  m_R             2   26[BANK0 ] PTR struct DC_motor
		 -> motorR(9), 
 Auto vars:     Size  Location     Type
		None
 Return value:  Size  Location     Type
		None               void
 Registers used:
		wreg, fsr2l, fsr2h, status,2, status,0, prodl, prodh, cstack
 Tracked objects:
		On entry : 
		On exit  : 
		Unchanged: 
 Data sizes:     COMRAM   BANK0   BANK1   BANK2
      Params:         0       4       0       0
      Locals:         0       0       0       0
      Temps:          0       0       0       0
      Totals:         0       4       0       0
Total ram usage:        4 bytes
 Hardware stack levels used:    1
 Hardware stack levels required when called:    8
 This function calls:
		_setMotorPWM
 This function is called by:
		_main
 This function uses a non-reentrant model


 *************** function _delay_s *****************
 Defined at:
		line 25 in file "SETUP.c"
 Parameters:    Size  Location     Type
  sec             2    6[BANK0 ] int 
 Auto vars:     Size  Location     Type
  i               2    9[BANK0 ] int 
 Return value:  Size  Location     Type
		None               void
 Registers used:
		wreg, status,2, status,0, prodl, prodh, cstack
 Tracked objects:
		On entry : 
		On exit  : 
		Unchanged: 
 Data sizes:     COMRAM   BANK0   BANK1   BANK2
      Params:         0       2       0       0
      Locals:         0       2       0       0
      Temps:          0       1       0       0
      Totals:         0       5       0       0
Total ram usage:        5 bytes
 Hardware stack levels used:    1
 Hardware stack levels required when called:    7
 This function calls:
		___wmul
 This function is called by:
		_main
 This function uses a non-reentrant model


 *************** function _customChars *****************
 Defined at:
		line 121 in file "LCD.c"
 Parameters:    Size  Location     Type
		None
 Auto vars:     Size  Location     Type
		None
 Return value:  Size  Location     Type
		None               void
 Registers used:
		wreg, status,2, status,0, cstack
 Tracked objects:
		On entry : 
		On exit  : 
		Unchanged: 
 Data sizes:     COMRAM   BANK0   BANK1   BANK2
      Params:         0       0       0       0
      Locals:         0       0       0       0
      Temps:          0       1       0       0
      Totals:         0       1       0       0
Total ram usage:        1 bytes
 Hardware stack levels used:    1
 Hardware stack levels required when called:    9
 This function calls:
		_SendLCD
 This function is called by:
		_main
 This function uses a non-reentrant model


 *************** function _clearLCD *****************
 Defined at:
		line 115 in file "LCD.c"
 Parameters:    Size  Location     Type
		None
 Auto vars:     Size  Location     Type
		None
 Return value:  Size  Location     Type
		None               void
 Registers used:
		wreg, status,2, status,0, cstack
 Tracked objects:
		On entry : 
		On exit  : 
		Unchanged: 
 Data sizes:     COMRAM   BANK0   BANK1   BANK2
      Params:         0       0       0       0
      Locals:         0       0       0       0
      Temps:          0       1       0       0
      Totals:         0       1       0       0
Total ram usage:        1 bytes
 Hardware stack levels used:    1
 Hardware stack levels required when called:    9
 This function calls:
		_SendLCD
 This function is called by:
		_main
 This function uses a non-reentrant model


 *************** function _Stop *****************
 Defined at:
		line 51 in file "DCMOTOR.c"
 Parameters:    Size  Location     Type
  m_L             2   24[BANK0 ] PTR struct DC_motor
		 -> motorL(9), 
  m_R             2   26[BANK0 ] PTR struct DC_motor
		 -> motorR(9), 
 Auto vars:     Size  Location     Type
		None
 Return value:  Size  Location     Type
		None               void
 Registers used:
		wreg, fsr1l, fsr1h, fsr2l, fsr2h, status,2, status,0, prodl, prodh, cstack
 Tracked objects:
		On entry : 
		On exit  : 
		Unchanged: 
 Data sizes:     COMRAM   BANK0   BANK1   BANK2
      Params:         0       4       0       0
      Locals:         0       0       0       0
      Temps:          0       0       0       0
      Totals:         0       4       0       0
Total ram usage:        4 bytes
 Hardware stack levels used:    1
 Hardware stack levels required when called:    8
 This function calls:
		_setMotorPWM
 This function is called by:
		_main
 This function uses a non-reentrant model


 *************** function _setMotorPWM *****************
 Defined at:
		line 35 in file "DCMOTOR.c"
 Parameters:    Size  Location     Type
  m               2   15[BANK0 ] PTR struct DC_motor
		 -> motorR(9), motorL(9), 
 Auto vars:     Size  Location     Type
  PWMduty         2   22[BANK0 ] int 
 Return value:  Size  Location     Type
		None               void
 Registers used:
		wreg, fsr2l, fsr2h, status,2, status,0, prodl, prodh, cstack
 Tracked objects:
		On entry : 
		On exit  : 
		Unchanged: 
 Data sizes:     COMRAM   BANK0   BANK1   BANK2
      Params:         0       2       0       0
      Locals:         0       2       0       0
      Temps:          0       5       0       0
      Totals:         0       9       0       0
Total ram usage:        9 bytes
 Hardware stack levels used:    1
 Hardware stack levels required when called:    7
 This function calls:
		___awdiv
		___wmul
 This function is called by:
		_Stop
		_turnLeft
		_turnRight
		_turnSlightRight
		_turnSlightRightBack
		_turnSlightLeftBack
		_turnSlightLeft
		_fullSpeedAhead
		_fullSpeedBack
 This function uses a non-reentrant model


 *************** function ___wmul *****************
 Defined at:
		line 4 in file "/Applications/microchip/xc8/v1.30/sources/common/wmul.c"
 Parameters:    Size  Location     Type
  multiplier      2    0[BANK0 ] unsigned int 
  multiplicand    2    2[BANK0 ] unsigned int 
 Auto vars:     Size  Location     Type
  product         2    4[BANK0 ] unsigned int 
 Return value:  Size  Location     Type
                  2    0[BANK0 ] unsigned int 
 Registers used:
		wreg, status,2, status,0, prodl, prodh
 Tracked objects:
		On entry : 
		On exit  : 
		Unchanged: 
 Data sizes:     COMRAM   BANK0   BANK1   BANK2
      Params:         0       4       0       0
      Locals:         0       2       0       0
      Temps:          0       0       0       0
      Totals:         0       6       0       0
Total ram usage:        6 bytes
 Hardware stack levels used:    1
 Hardware stack levels required when called:    6
 This function calls:
		Nothing
 This function is called by:
		_delay_s
		_setMotorPWM
 This function uses a non-reentrant model


 *************** function ___awdiv *****************
 Defined at:
		line 8 in file "/Applications/microchip/xc8/v1.30/sources/common/awdiv.c"
 Parameters:    Size  Location     Type
  dividend        2    6[BANK0 ] int 
  divisor         2    8[BANK0 ] int 
 Auto vars:     Size  Location     Type
  quotient        2   13[BANK0 ] int 
  sign            1   12[BANK0 ] unsigned char 
  counter         1   11[BANK0 ] unsigned char 
 Return value:  Size  Location     Type
                  2    6[BANK0 ] int 
 Registers used:
		wreg, status,2, status,0, prodl
 Tracked objects:
		On entry : 
		On exit  : 
		Unchanged: 
 Data sizes:     COMRAM   BANK0   BANK1   BANK2
      Params:         0       4       0       0
      Locals:         0       4       0       0
      Temps:          0       1       0       0
      Totals:         0       9       0       0
Total ram usage:        9 bytes
 Hardware stack levels used:    1
 Hardware stack levels required when called:    6
 This function calls:
		Nothing
 This function is called by:
		_setMotorPWM
 This function uses a non-reentrant model


 *************** function _SetLine *****************
 Defined at:
		line 100 in file "LCD.c"
 Parameters:    Size  Location     Type
  line            1    wreg     unsigned char 
 Auto vars:     Size  Location     Type
  line            1    5[BANK0 ] unsigned char 
 Return value:  Size  Location     Type
		None               void
 Registers used:
		wreg, status,2, status,0, cstack
 Tracked objects:
		On entry : 
		On exit  : 
		Unchanged: 
 Data sizes:     COMRAM   BANK0   BANK1   BANK2
      Params:         0       0       0       0
      Locals:         0       1       0       0
      Temps:          0       1       0       0
      Totals:         0       2       0       0
Total ram usage:        2 bytes
 Hardware stack levels used:    1
 Hardware stack levels required when called:    9
 This function calls:
		_SendLCD
 This function is called by:
		_main
 This function uses a non-reentrant model


 *************** function _LEDout *****************
 Defined at:
		line 4 in file "LED.c"
 Parameters:    Size  Location     Type
  number          2    0[BANK0 ] int 
 Auto vars:     Size  Location     Type
		None
 Return value:  Size  Location     Type
		None               void
 Registers used:
		wreg, status,2, status,0
 Tracked objects:
		On entry : 
		On exit  : 
		Unchanged: 
 Data sizes:     COMRAM   BANK0   BANK1   BANK2
      Params:         0       2       0       0
      Locals:         0       0       0       0
      Temps:          0       4       0       0
      Totals:         0       6       0       0
Total ram usage:        6 bytes
 Hardware stack levels used:    1
 Hardware stack levels required when called:    6
 This function calls:
		Nothing
 This function is called by:
		_main
 This function uses a non-reentrant model


 *************** function _LCD_String *****************
 Defined at:
		line 53 in file "LCD.c"
 Parameters:    Size  Location     Type
  string          2    4[BANK0 ] PTR unsigned char 
		 -> STR_9(12), STR_8(3), STR_7(2), STR_6(14), 
		 -> STR_5(10), STR_4(13), STR_3(15), RAM(767), 
		 -> STR_1(16), 
 Auto vars:     Size  Location     Type
		None
 Return value:  Size  Location     Type
		None               void
 Registers used:
		wreg, fsr0l, fsr0h, status,2, status,0, tblptrl, tblptrh, tblptru, cstack
 Tracked objects:
		On entry : 
		On exit  : 
		Unchanged: 
 Data sizes:     COMRAM   BANK0   BANK1   BANK2
      Params:         0       2       0       0
      Locals:         0       0       0       0
      Temps:          0       1       0       0
      Totals:         0       3       0       0
Total ram usage:        3 bytes
 Hardware stack levels used:    1
 Hardware stack levels required when called:    9
 This function calls:
		_SendLCD
 This function is called by:
		_main
 This function uses a non-reentrant model


 *************** function _LCD_Init *****************
 Defined at:
		line 65 in file "LCD.c"
 Parameters:    Size  Location     Type
		None
 Auto vars:     Size  Location     Type
		None
 Return value:  Size  Location     Type
		None               void
 Registers used:
		wreg, status,2, status,0, cstack
 Tracked objects:
		On entry : 
		On exit  : 
		Unchanged: 
 Data sizes:     COMRAM   BANK0   BANK1   BANK2
      Params:         0       0       0       0
      Locals:         0       0       0       0
      Temps:          0       1       0       0
      Totals:         0       1       0       0
Total ram usage:        1 bytes
 Hardware stack levels used:    1
 Hardware stack levels required when called:    9
 This function calls:
		_LCDout
		_SendLCD
 This function is called by:
		_main
 This function uses a non-reentrant model


 *************** function _SendLCD *****************
 Defined at:
		line 41 in file "LCD.c"
 Parameters:    Size  Location     Type
  Byte            1    wreg     unsigned char 
  type            1    2[BANK0 ] unsigned char 
 Auto vars:     Size  Location     Type
  Byte            1    3[BANK0 ] unsigned char 
 Return value:  Size  Location     Type
		None               void
 Registers used:
		wreg, status,2, status,0, cstack
 Tracked objects:
		On entry : 
		On exit  : 
		Unchanged: 
 Data sizes:     COMRAM   BANK0   BANK1   BANK2
      Params:         0       1       0       0
      Locals:         0       1       0       0
      Temps:          0       0       0       0
      Totals:         0       2       0       0
Total ram usage:        2 bytes
 Hardware stack levels used:    1
 Hardware stack levels required when called:    8
 This function calls:
		_LCDout
 This function is called by:
		_LCD_String
		_LCD_Init
		_SetLine
		_clearLCD
		_customChars
		_main
 This function uses a non-reentrant model


 *************** function _LCDout *****************
 Defined at:
		line 26 in file "LCD.c"
 Parameters:    Size  Location     Type
  number          1    wreg     unsigned char 
 Auto vars:     Size  Location     Type
  number          1    1[BANK0 ] unsigned char 
 Return value:  Size  Location     Type
		None               void
 Registers used:
		wreg, status,2, status,0, cstack
 Tracked objects:
		On entry : 
		On exit  : 
		Unchanged: 
 Data sizes:     COMRAM   BANK0   BANK1   BANK2
      Params:         0       0       0       0
      Locals:         0       1       0       0
      Temps:          0       1       0       0
      Totals:         0       2       0       0
Total ram usage:        2 bytes
 Hardware stack levels used:    1
 Hardware stack levels required when called:    7
 This function calls:
		_E_TOG
 This function is called by:
		_SendLCD
		_LCD_Init
 This function uses a non-reentrant model


 *************** function _E_TOG *****************
 Defined at:
		line 16 in file "LCD.c"
 Parameters:    Size  Location     Type
		None
 Auto vars:     Size  Location     Type
		None
 Return value:  Size  Location     Type
		None               void
 Registers used:
		wreg
 Tracked objects:
		On entry : 
		On exit  : 
		Unchanged: 
 Data sizes:     COMRAM   BANK0   BANK1   BANK2
      Params:         0       0       0       0
      Locals:         0       0       0       0
      Temps:          0       0       0       0
      Totals:         0       0       0       0
Total ram usage:        0 bytes
 Hardware stack levels used:    1
 Hardware stack levels required when called:    6
 This function calls:
		Nothing
 This function is called by:
		_LCDout
 This function uses a non-reentrant model


 *************** function _IRinterrupt *****************
 Defined at:
		line 517 in file "main.c"
 Parameters:    Size  Location     Type
		None
 Auto vars:     Size  Location     Type
		None
 Return value:  Size  Location     Type
		None               void
 Registers used:
		None
 Tracked objects:
		On entry : 
		On exit  : 
		Unchanged: 
 Data sizes:     COMRAM   BANK0   BANK1   BANK2
      Params:         0       0       0       0
      Locals:         0       0       0       0
      Temps:         17       0       0       0
      Totals:        17       0       0       0
Total ram usage:       17 bytes
 Hardware stack levels used:    1
 Hardware stack levels required when called:    5
 This function calls:
		Nothing
 This function is called by:
		Interrupt level 1
 This function uses a non-reentrant model


 *************** function _RFIDinterrupt *****************
 Defined at:
		line 427 in file "main.c"
 Parameters:    Size  Location     Type
		None
 Auto vars:     Size  Location     Type
  l               2   49[COMRAM] int 
  a               2   51[COMRAM] int 
  k               2   53[COMRAM] int 
  hexArray        5   40[COMRAM] unsigned char [5]
  checksumHold    1   46[COMRAM] unsigned char 
  checksumByte    1   45[COMRAM] unsigned char 
  i               2   47[COMRAM] int 
 Return value:  Size  Location     Type
		None               void
 Registers used:
		wreg, fsr0l, fsr0h, fsr1l, fsr1h, fsr2l, fsr2h, status,2, status,0, tblptrl, tblptrh, tblptru, cstack
 Tracked objects:
		On entry : 
		On exit  : 
		Unchanged: 
 Data sizes:     COMRAM   BANK0   BANK1   BANK2
      Params:         0       0       0       0
      Locals:        15       0       0       0
      Temps:         16       0       0       0
      Totals:        31       0       0       0
Total ram usage:       31 bytes
 Hardware stack levels used:    1
 Hardware stack levels required when called:    4
 This function calls:
		_asciiHexBinary
		_getCharSerial
		i2_LCD_String
		i2_SetLine
 This function is called by:
		Interrupt level 2
 This function uses a non-reentrant model


 *************** function i2_SetLine *****************
 Defined at:
		line 100 in file "LCD.c"
 Parameters:    Size  Location     Type
  line            1    wreg     unsigned char 
 Auto vars:     Size  Location     Type
  line            1   22[COMRAM] unsigned char 
 Return value:  Size  Location     Type
		None               void
 Registers used:
		wreg, status,2, status,0, cstack
 Tracked objects:
		On entry : 
		On exit  : 
		Unchanged: 
 Data sizes:     COMRAM   BANK0   BANK1   BANK2
      Params:         0       0       0       0
      Locals:         1       0       0       0
      Temps:          1       0       0       0
      Totals:         2       0       0       0
Total ram usage:        2 bytes
 Hardware stack levels used:    1
 Hardware stack levels required when called:    3
 This function calls:
		i2_SendLCD
 This function is called by:
		_RFIDinterrupt
 This function uses a non-reentrant model


 *************** function i2_LCD_String *****************
 Defined at:
		line 53 in file "LCD.c"
 Parameters:    Size  Location     Type
  string          2   21[COMRAM] PTR unsigned char 
		 -> STR_9(12), STR_8(3), STR_7(2), STR_6(14), 
		 -> STR_5(10), STR_4(13), STR_3(15), RAM(767), 
		 -> STR_1(16), 
 Auto vars:     Size  Location     Type
		None
 Return value:  Size  Location     Type
		None               void
 Registers used:
		wreg, fsr0l, fsr0h, status,2, status,0, tblptrl, tblptrh, tblptru, cstack
 Tracked objects:
		On entry : 
		On exit  : 
		Unchanged: 
 Data sizes:     COMRAM   BANK0   BANK1   BANK2
      Params:         2       0       0       0
      Locals:         0       0       0       0
      Temps:          1       0       0       0
      Totals:         3       0       0       0
Total ram usage:        3 bytes
 Hardware stack levels used:    1
 Hardware stack levels required when called:    3
 This function calls:
		i2_SendLCD
 This function is called by:
		_RFIDinterrupt
 This function uses a non-reentrant model


 *************** function i2_SendLCD *****************
 Defined at:
		line 41 in file "LCD.c"
 Parameters:    Size  Location     Type
  Byte            1    wreg     unsigned char 
  type            1   19[COMRAM] unsigned char 
 Auto vars:     Size  Location     Type
  Byte            1   20[COMRAM] unsigned char 
 Return value:  Size  Location     Type
		None               void
 Registers used:
		wreg, status,2, status,0, cstack
 Tracked objects:
		On entry : 
		On exit  : 
		Unchanged: 
 Data sizes:     COMRAM   BANK0   BANK1   BANK2
      Params:         1       0       0       0
      Locals:         1       0       0       0
      Temps:          0       0       0       0
      Totals:         2       0       0       0
Total ram usage:        2 bytes
 Hardware stack levels used:    1
 Hardware stack levels required when called:    2
 This function calls:
		i2_LCDout
 This function is called by:
		i2_LCD_String
		i2_SetLine
 This function uses a non-reentrant model


 *************** function i2_LCDout *****************
 Defined at:
		line 26 in file "LCD.c"
 Parameters:    Size  Location     Type
  number          1    wreg     unsigned char 
 Auto vars:     Size  Location     Type
  number          1   18[COMRAM] unsigned char 
 Return value:  Size  Location     Type
		None               void
 Registers used:
		wreg, status,2, status,0, cstack
 Tracked objects:
		On entry : 
		On exit  : 
		Unchanged: 
 Data sizes:     COMRAM   BANK0   BANK1   BANK2
      Params:         0       0       0       0
      Locals:         1       0       0       0
      Temps:          1       0       0       0
      Totals:         2       0       0       0
Total ram usage:        2 bytes
 Hardware stack levels used:    1
 Hardware stack levels required when called:    1
 This function calls:
		i2_E_TOG
 This function is called by:
		i2_SendLCD
 This function uses a non-reentrant model


 *************** function i2_E_TOG *****************
 Defined at:
		line 16 in file "LCD.c"
 Parameters:    Size  Location     Type
		None
 Auto vars:     Size  Location     Type
		None
 Return value:  Size  Location     Type
		None               void
 Registers used:
		wreg
 Tracked objects:
		On entry : 
		On exit  : 
		Unchanged: 
 Data sizes:     COMRAM   BANK0   BANK1   BANK2
      Params:         0       0       0       0
      Locals:         0       0       0       0
      Temps:          0       0       0       0
      Totals:         0       0       0       0
Total ram usage:        0 bytes
 Hardware stack levels used:    1
 This function calls:
		Nothing
 This function is called by:
		i2_LCDout
 This function uses a non-reentrant model


 *************** function _getCharSerial *****************
 Defined at:
		line 8 in file "SERIAL.c"
 Parameters:    Size  Location     Type
		None
 Auto vars:     Size  Location     Type
		None
 Return value:  Size  Location     Type
                  1    wreg      unsigned char 
 Registers used:
		wreg, status,2
 Tracked objects:
		On entry : 
		On exit  : 
		Unchanged: 
 Data sizes:     COMRAM   BANK0   BANK1   BANK2
      Params:         0       0       0       0
      Locals:         0       0       0       0
      Temps:          0       0       0       0
      Totals:         0       0       0       0
Total ram usage:        0 bytes
 Hardware stack levels used:    1
 This function calls:
		Nothing
 This function is called by:
		_RFIDinterrupt
 This function uses a non-reentrant model


 *************** function _asciiHexBinary *****************
 Defined at:
		line 33 in file "SETUP.c"
 Parameters:    Size  Location     Type
  first           1    wreg     unsigned char 
  last            1   17[COMRAM] unsigned char 
 Auto vars:     Size  Location     Type
  first           1   19[COMRAM] unsigned char 
 Return value:  Size  Location     Type
                  1    wreg      unsigned char 
 Registers used:
		wreg, status,2, status,0
 Tracked objects:
		On entry : 
		On exit  : 
		Unchanged: 
 Data sizes:     COMRAM   BANK0   BANK1   BANK2
      Params:         1       0       0       0
      Locals:         1       0       0       0
      Temps:          1       0       0       0
      Totals:         3       0       0       0
Total ram usage:        3 bytes
 Hardware stack levels used:    1
 This function calls:
		Nothing
 This function is called by:
		_RFIDinterrupt
 This function uses a non-reentrant model



MODULE INFORMATION

Module		Function		Class		Link	Load	Size
LED.c
		_LEDout        		CODE           	17F0	0000	116

LED.c estimated size: 116

/Applications/microchip/xc8/v1.30/sources/common/lwmod.c
		___lwmod       		CODE           	1676	0000	138

/Applications/microchip/xc8/v1.30/sources/common/lwmod.c estimated size: 138

/Applications/microchip/xc8/v1.30/sources/common/awdiv.c
		___awdiv       		CODE           	1270	0000	310

/Applications/microchip/xc8/v1.30/sources/common/awdiv.c estimated size: 310

/Applications/microchip/xc8/v1.30/sources/common/lwdiv.c
		___lwdiv       		CODE           	1530	0000	170

/Applications/microchip/xc8/v1.30/sources/common/lwdiv.c estimated size: 170

shared
		i2_LCDout      		CODE           	1700	0000	122
		__stringdata   		SMALLCONST     	030B	0000	102
		_dpowers       		SMALLCONST     	0301	0000	10
		i2_LCD_String  		CODE           	1CA2	0000	98
		i2_SetLine     		CODE           	1DF0	0000	56
		i2_E_TOG       		CODE           	1F54	0000	14
		__initializatio		CODE           	1DAC	0000	58
		i2_SendLCD     		CODE           	1E5E	0000	42

shared estimated size: 502

SETUP.c
		_setInterrupts 		CODE           	1F1E	0000	22
		_setInputCaptur		CODE           	1F6C	0000	10
		_setPorts      		CODE           	1F62	0000	10
		_asciiHexBinary		CODE           	1E88	0000	40
		_setTimer5     		CODE           	1ED2	0000	26
		_setAllPorts   		CODE           	1EB0	0000	34
		_delay_s       		CODE           	1BD4	0000	108

SETUP.c estimated size: 250

main.c
		_RFIDinterrupt 		CODE           	0008	0000	3900
		_main          		CODE           	0372	0000	2064
		_IRinterrupt   		CODE           	0018	0000	174

main.c estimated size: 6138

SERIAL.c
		_setupEUSART   		CODE           	1F34	0000	18
		_getCharSerial 		CODE           	1F76	0000	8

SERIAL.c estimated size: 26

/Applications/microchip/xc8/v1.30/sources/common/wmul.c
		___wmul        		CODE           	1C40	0000	98

/Applications/microchip/xc8/v1.30/sources/common/wmul.c estimated size: 98

/Applications/microchip/xc8/v1.30/sources/common/doprnt.c
		_sprintf       		CODE           	0B82	0000	512

/Applications/microchip/xc8/v1.30/sources/common/doprnt.c estimated size: 512

LCD.c
		_SetLine       		CODE           	1D5C	0000	80
		_LCD_String    		CODE           	177A	0000	118
		_LCD_Init      		CODE           	13A6	0000	204
		_customChars   		CODE           	10F8	0000	376
		_SendLCD       		CODE           	1E28	0000	54
		_E_TOG         		CODE           	1F46	0000	14
		_LCDout        		CODE           	15DA	0000	156
		_clearLCD      		CODE           	1F06	0000	24

LCD.c estimated size: 1026

DCMOTOR.c
		_fullSpeedBack 		CODE           	1AF8	0000	110
		_turnSlightLeft		CODE           	19AE	0000	110
		_fullSpeedAhead		CODE           	1B66	0000	110
		_turnLeft      		CODE           	1A8A	0000	110
		_turnSlightLeft		CODE           	1940	0000	110
		_turnRight     		CODE           	1A1C	0000	110
		_initMotor     		CODE           	1472	0000	190
		_turnSlightRigh		CODE           	18D2	0000	110
		_setMotorPWM   		CODE           	0F44	0000	436
		_turnSlightRigh		CODE           	1864	0000	110
		_initPWM       		CODE           	1EEC	0000	26
		_Stop          		CODE           	1D04	0000	88

DCMOTOR.c estimated size: 1620

